###############################################################################
#                                                                             #
#     IAR Assembler V5.50.1.50465/W32  for MSP430 25/Apr/2013  19:43:32       #
#     Copyright 1996-2012 IAR Systems AB.                                     #
#                                                                             #
#           Target option =  MSP430                                           #
#           Source file   =  E:\Spring 2013\CET 405\SPI\Module Construction\multiple module\ISR.s43#
#           List file     =  E:\Spring 2013\CET 405\SPI\Module Construction\multiple module\Debug\List\ISR.lst#
#           Object file   =  E:\Spring 2013\CET 405\SPI\Module Construction\multiple module\Debug\Obj\ISR.r43#
#           Command line  =  E:\Spring 2013\CET 405\SPI\Module Construction\multiple module\ISR.s43 #
#                            -OE:\Spring 2013\CET 405\SPI\Module Construction\multiple module\Debug\Obj\ #
#                            -s+ -M<> -w+                                     #
#                            -LE:\Spring 2013\CET 405\SPI\Module Construction\multiple module\Debug\List\ #
#                            -cE -t8 -r -D__MSP430G2553__                     #
#                            -IC:\Program Files (x86)\IAR Systems\Embedded Workbench 6.4 Kickstart\430\INC\ #
#                                                                             #
###############################################################################

                                         call    #READBUF                     
                                                     ; Update Message_type,
                     Message_data, and Re
                               ad_status_flag
                               --------------------------^
                               "E:\Spring 2013\CET 405\SPI\Module Construction
                    \multiple module\ISR.s43",10  Error[50]: Undefined
                     symbol:'READBUF'
                                         cmp.b   #0, &b_read_status_flag      
                                                     ; Is the buffer empty?
                               -----------------------------------------^
                               "E:\Spring 2013\CET 405\SPI\Module Construction
                    \multiple module\ISR.s43",12  Error[50]: Undefined
                     symbol:'b_read_status_flag'
                                         cmp.b   #0, &b_message_type          
                                                     ; Is the message of type
                     0?
                               -------------------------------------^
                               "E:\Spring 2013\CET 405\SPI\Module Construction
                    \multiple module\ISR.s43",17  Error[50]: Undefined
                     symbol:'b_message_type'
                                         mov.b   &b_message_data, &UCB0TXBUF  
                                                     ; Move the message to the
                     transmit buffer
                               ---------------------------------^
                               "E:\Spring 2013\CET 405\SPI\Module Construction
                    \multiple module\ISR.s43",30  Error[50]: Undefined
                     symbol:'b_message_data'


      1    000000              ;***********************************************
                               ********************************
      2    000000              ; USCIB0_TX_ISR  
      3    000000              ;***********************************************
                               ********************************
      4    000000              #include  "msp430g2553.h"
      5    000000              
      6    000000              ;-----------------------------------------------
                               --------------------------------; Finds status
                                of buffer and if appropriate, send out
                                message
      7    000000              USCIB0_TX_ISR                                   
                                                               ; IN: Read_statu
                               s_flag, Message_type, Message_data
      8    000000              ;-----------------------------------------------
                               --------------------------------; OUT:
                                
      9    000000              
                                         call    #READBUF                     
                                                     ; Update Message_type,
                     Message_data, and Re
                               ad_status_flag
                               --------------------------^
                               "E:\Spring 2013\CET 405\SPI\Module Construction
                    \multiple module\ISR.s43",10  Error[50]: Undefined
                     symbol:'READBUF'
     11    000004                        
                                         cmp.b   #0, &b_read_status_flag      
                                                     ; Is the buffer empty?
                               -----------------------------------------^
                               "E:\Spring 2013\CET 405\SPI\Module Construction
                    \multiple module\ISR.s43",12  Error[50]: Undefined
                     symbol:'b_read_status_flag'
     13    00000A 1424                   jeq     empty_buffer                  
                                 ; Yes, disable the interrupt
     14    00000C 003C                   jmp     message_type                  
                                 ; No, retrieve the byte to send
     15    00000E                        
     16    00000E              message_type
                                         cmp.b   #0, &b_message_type          
                                                     ; Is the message of type
                     0?
                               -------------------------------------^
                               "E:\Spring 2013\CET 405\SPI\Module Construction
                    \multiple module\ISR.s43",17  Error[50]: Undefined
                     symbol:'b_message_type'
     18    000014 0124                   jeq     msg_type_0                    
                                 ; Yes, act appropriately
     19    000016 033C                   jmp     msg_type_1                    
                                 ; No, act appropriately
     20    000018                        
     21    000018              msg_type_0
     22    000018 D2C32900               bic.b   #BIT0, &P2OUT                 
                                 ; Change P2.0 to the message type
     23    00001C 033C                   jmp     message_data                  
                                 ; Continue
     24    00001E              
     25    00001E              msg_type_1
     26    00001E D2D32900               bis.b   #BIT0, &P2OUT                 
                                 ; Change P2.0 to the message type
     27    000022 003C                   jmp     message_data                  
                                 ; Continue 
     28    000024                        
     29    000024              message_data
                                         mov.b   &b_message_data, &UCB0TXBUF  
                                                     ; Move the message to the
                     transmit buffer
                               ---------------------------------^
                               "E:\Spring 2013\CET 405\SPI\Module Construction
                    \multiple module\ISR.s43",30  Error[50]: Undefined
                     symbol:'b_message_data'
     31    00002A 003C                   jmp     last_byte_check               
                                 ; Check if that was the last byte in the
  buffer
     32    00002C                        
     33    00002C                        
     34    00002C              last_byte_check
     35    00002C D2930100               cmp.b   #1, &b_read_status_flag       
                                 ; Did the buffer just send out the last byte in
  the buffer?
     36    000030 0124                   jeq     empty_buffer                  
                                 ; Yes, disable the interrupt
     37    000032 0320                   jne     end_of_interrupt              
                                 ; No, end the interrupt
     38    000034              
     39    000034              empty_buffer
     40    000034 F2C20100               bic.b   #UCB0TXIE, &IE2               
                                 ; Disable USCIB0_TX_ISR
     41    000038 003C                   jmp     end_of_interrupt              
                                 ; End the interrupt
     42    00003A                        
     43    00003A              end_of_interrupt
     44    00003A 0013                   reti
     45    00003C              
     46    00003C              
     47    00003C              ;-----------------------------------------------
                               --------------------------------
     48    00003C              ;           Interrupt Vectors
     49    00003C              ;-----------------------------------------------
                               --------------------------------
     50    00FFEC                          ORG     0FFECh                      
                                 ; MSP430 USCIB0_TX_ISR Vector
     51    00FFEC 0000                     DW      USCIB0_TX_ISR               
                                                                               
                                                         ;
     52    00FFEE                          END
##############################
#        Errors:   4         #
#        Warnings: 0         #
#         Bytes: 40          #
##############################



